// Jest Snapshot v1, https://goo.gl/fbAQLP

exports[`should render a list of players 1`] = `
<div>
  <a
    aria-current="page"
    class="home-link active"
    href="/"
    style="display: flex; flex-direction: start;"
  >
    Home
  </a>
  <a
    class="team-link"
    href="/teams"
    style="display: flex; flex-direction: start;"
  >
    Teams
  </a>
  <h1>
    List of Players:
  </h1>
  <a
    class="new-player-link"
    href="/players/new"
    style="display: flex; flex-direction: column-reverse;"
  >
    Add a Player
  </a>
  <ul
    aria-label="players-list"
  >
    <div
      style="border: solid; border-color: lightseagreen;"
    >
      <li>
        <a
          class="player-list-link"
          href="/players/29"
        >
          134
        </a>
        <a
          class="update-player-link"
          href="/players/29/update"
          style="display: flex; flex-direction: column-reverse; margin: 15px;"
        >
          Update Player
        </a>
        <button
          aria-label="Delete134"
          type="button"
          value="delete"
        >
          Delete
        </button>
      </li>
    </div>
    <div
      style="border: solid; border-color: lightseagreen;"
    >
      <li>
        <a
          class="player-list-link"
          href="/players/17"
        >
          Ace Auburn
        </a>
        <a
          class="update-player-link"
          href="/players/17/update"
          style="display: flex; flex-direction: column-reverse; margin: 15px;"
        >
          Update Player
        </a>
        <button
          aria-label="DeleteAce Auburn"
          type="button"
          value="delete"
        >
          Delete
        </button>
      </li>
    </div>
    <div
      style="border: solid; border-color: lightseagreen;"
    >
      <li>
        <a
          class="player-list-link"
          href="/players/18"
        >
          Aven Garrett
        </a>
        <a
          class="update-player-link"
          href="/players/18/update"
          style="display: flex; flex-direction: column-reverse; margin: 15px;"
        >
          Update Player
        </a>
        <button
          aria-label="DeleteAven Garrett"
          type="button"
          value="delete"
        >
          Delete
        </button>
      </li>
    </div>
    <div
      style="border: solid; border-color: lightseagreen;"
    >
      <li>
        <a
          class="player-list-link"
          href="/players/2"
        >
          Bella Boo
        </a>
        <a
          class="update-player-link"
          href="/players/2/update"
          style="display: flex; flex-direction: column-reverse; margin: 15px;"
        >
          Update Player
        </a>
        <button
          aria-label="DeleteBella Boo"
          type="button"
          value="delete"
        >
          Delete
        </button>
      </li>
    </div>
    <div
      style="border: solid; border-color: lightseagreen;"
    >
      <li>
        <a
          class="player-list-link"
          href="/players/16"
        >
          Calton Bryden
        </a>
        <a
          class="update-player-link"
          href="/players/16/update"
          style="display: flex; flex-direction: column-reverse; margin: 15px;"
        >
          Update Player
        </a>
        <button
          aria-label="DeleteCalton Bryden"
          type="button"
          value="delete"
        >
          Delete
        </button>
      </li>
    </div>
    <div
      style="border: solid; border-color: lightseagreen;"
    >
      <li>
        <a
          class="player-list-link"
          href="/players/4"
        >
          Charleston Dax
        </a>
        <a
          class="update-player-link"
          href="/players/4/update"
          style="display: flex; flex-direction: column-reverse; margin: 15px;"
        >
          Update Player
        </a>
        <button
          aria-label="DeleteCharleston Dax"
          type="button"
          value="delete"
        >
          Delete
        </button>
      </li>
    </div>
    <div
      style="border: solid; border-color: lightseagreen;"
    >
      <li>
        <a
          class="player-list-link"
          href="/players/5"
        >
          Crispin Cruz
        </a>
        <a
          class="update-player-link"
          href="/players/5/update"
          style="display: flex; flex-direction: column-reverse; margin: 15px;"
        >
          Update Player
        </a>
        <button
          aria-label="DeleteCrispin Cruz"
          type="button"
          value="delete"
        >
          Delete
        </button>
      </li>
    </div>
    <div
      style="border: solid; border-color: lightseagreen;"
    >
      <li>
        <a
          class="player-list-link"
          href="/players/6"
        >
          Declan Ebenezer
        </a>
        <a
          class="update-player-link"
          href="/players/6/update"
          style="display: flex; flex-direction: column-reverse; margin: 15px;"
        >
          Update Player
        </a>
        <button
          aria-label="DeleteDeclan Ebenezer"
          type="button"
          value="delete"
        >
          Delete
        </button>
      </li>
    </div>
    <div
      style="border: solid; border-color: lightseagreen;"
    >
      <li>
        <a
          class="player-list-link"
          href="/players/7"
        >
          Ike Jaspin
        </a>
        <a
          class="update-player-link"
          href="/players/7/update"
          style="display: flex; flex-direction: column-reverse; margin: 15px;"
        >
          Update Player
        </a>
        <button
          aria-label="DeleteIke Jaspin"
          type="button"
          value="delete"
        >
          Delete
        </button>
      </li>
    </div>
    <div
      style="border: solid; border-color: lightseagreen;"
    >
      <li>
        <a
          class="player-list-link"
          href="/players/1"
        >
          Jonny  
Clutch
        </a>
        <a
          class="update-player-link"
          href="/players/1/update"
          style="display: flex; flex-direction: column-reverse; margin: 15px;"
        >
          Update Player
        </a>
        <button
          aria-label="DeleteJonny  
Clutch"
          type="button"
          value="delete"
        >
          Delete
        </button>
      </li>
    </div>
    <div
      style="border: solid; border-color: lightseagreen;"
    >
      <li>
        <a
          class="player-list-link"
          href="/players/8"
        >
          Kai Judson
        </a>
        <a
          class="update-player-link"
          href="/players/8/update"
          style="display: flex; flex-direction: column-reverse; margin: 15px;"
        >
          Update Player
        </a>
        <button
          aria-label="DeleteKai Judson"
          type="button"
          value="delete"
        >
          Delete
        </button>
      </li>
    </div>
    <div
      style="border: solid; border-color: lightseagreen;"
    >
      <li>
        <a
          class="player-list-link"
          href="/players/9"
        >
          Kayden Kale
        </a>
        <a
          class="update-player-link"
          href="/players/9/update"
          style="display: flex; flex-direction: column-reverse; margin: 15px;"
        >
          Update Player
        </a>
        <button
          aria-label="DeleteKayden Kale"
          type="button"
          value="delete"
        >
          Delete
        </button>
      </li>
    </div>
    <div
      style="border: solid; border-color: lightseagreen;"
    >
      <li>
        <a
          class="player-list-link"
          href="/players/19"
        >
          Kingston Lathan
        </a>
        <a
          class="update-player-link"
          href="/players/19/update"
          style="display: flex; flex-direction: column-reverse; margin: 15px;"
        >
          Update Player
        </a>
        <button
          aria-label="DeleteKingston Lathan"
          type="button"
          value="delete"
        >
          Delete
        </button>
      </li>
    </div>
    <div
      style="border: solid; border-color: lightseagreen;"
    >
      <li>
        <a
          class="player-list-link"
          href="/players/20"
        >
          Leland Kole
        </a>
        <a
          class="update-player-link"
          href="/players/20/update"
          style="display: flex; flex-direction: column-reverse; margin: 15px;"
        >
          Update Player
        </a>
        <button
          aria-label="DeleteLeland Kole"
          type="button"
          value="delete"
        >
          Delete
        </button>
      </li>
    </div>
    <div
      style="border: solid; border-color: lightseagreen;"
    >
      <li>
        <a
          class="player-list-link"
          href="/players/15"
        >
          Marvel Oz
        </a>
        <a
          class="update-player-link"
          href="/players/15/update"
          style="display: flex; flex-direction: column-reverse; margin: 15px;"
        >
          Update Player
        </a>
        <button
          aria-label="DeleteMarvel Oz"
          type="button"
          value="delete"
        >
          Delete
        </button>
      </li>
    </div>
    <div
      style="border: solid; border-color: lightseagreen;"
    >
      <li>
        <a
          class="player-list-link"
          href="/players/3"
        >
          Mista Mista
        </a>
        <a
          class="update-player-link"
          href="/players/3/update"
          style="display: flex; flex-direction: column-reverse; margin: 15px;"
        >
          Update Player
        </a>
        <button
          aria-label="DeleteMista Mista"
          type="button"
          value="delete"
        >
          Delete
        </button>
      </li>
    </div>
    <div
      style="border: solid; border-color: lightseagreen;"
    >
      <li>
        <a
          class="player-list-link"
          href="/players/13"
        >
          Nellary Nestor
        </a>
        <a
          class="update-player-link"
          href="/players/13/update"
          style="display: flex; flex-direction: column-reverse; margin: 15px;"
        >
          Update Player
        </a>
        <button
          aria-label="DeleteNellary Nestor"
          type="button"
          value="delete"
        >
          Delete
        </button>
      </li>
    </div>
    <div
      style="border: solid; border-color: lightseagreen;"
    >
      <li>
        <a
          class="player-list-link"
          href="/players/14"
        >
          Ode Mountain
        </a>
        <a
          class="update-player-link"
          href="/players/14/update"
          style="display: flex; flex-direction: column-reverse; margin: 15px;"
        >
          Update Player
        </a>
        <button
          aria-label="DeleteOde Mountain"
          type="button"
          value="delete"
        >
          Delete
        </button>
      </li>
    </div>
    <div
      style="border: solid; border-color: lightseagreen;"
    >
      <li>
        <a
          class="player-list-link"
          href="/players/10"
        >
          Slash Taden
        </a>
        <a
          class="update-player-link"
          href="/players/10/update"
          style="display: flex; flex-direction: column-reverse; margin: 15px;"
        >
          Update Player
        </a>
        <button
          aria-label="DeleteSlash Taden"
          type="button"
          value="delete"
        >
          Delete
        </button>
      </li>
    </div>
    <div
      style="border: solid; border-color: lightseagreen;"
    >
      <li>
        <a
          class="player-list-link"
          href="/players/11"
        >
          Tevin Zee
        </a>
        <a
          class="update-player-link"
          href="/players/11/update"
          style="display: flex; flex-direction: column-reverse; margin: 15px;"
        >
          Update Player
        </a>
        <button
          aria-label="DeleteTevin Zee"
          type="button"
          value="delete"
        >
          Delete
        </button>
      </li>
    </div>
    <div
      style="border: solid; border-color: lightseagreen;"
    >
      <li>
        <a
          class="player-list-link"
          href="/players/31"
        >
          blast
        </a>
        <a
          class="update-player-link"
          href="/players/31/update"
          style="display: flex; flex-direction: column-reverse; margin: 15px;"
        >
          Update Player
        </a>
        <button
          aria-label="Deleteblast"
          type="button"
          value="delete"
        >
          Delete
        </button>
      </li>
    </div>
    <div
      style="border: solid; border-color: lightseagreen;"
    >
      <li>
        <a
          class="player-list-link"
          href="/players/12"
        >
          jon
        </a>
        <a
          class="update-player-link"
          href="/players/12/update"
          style="display: flex; flex-direction: column-reverse; margin: 15px;"
        >
          Update Player
        </a>
        <button
          aria-label="Deletejon"
          type="button"
          value="delete"
        >
          Delete
        </button>
      </li>
    </div>
    <div
      style="border: solid; border-color: lightseagreen;"
    >
      <li>
        <a
          class="player-list-link"
          href="/players/30"
        >
          tr
        </a>
        <a
          class="update-player-link"
          href="/players/30/update"
          style="display: flex; flex-direction: column-reverse; margin: 15px;"
        >
          Update Player
        </a>
        <button
          aria-label="Deletetr"
          type="button"
          value="delete"
        >
          Delete
        </button>
      </li>
    </div>
    <div
      style="border: solid; border-color: lightseagreen;"
    >
      <li>
        <a
          class="player-list-link"
          href="/players/28"
        >
          triana
        </a>
        <a
          class="update-player-link"
          href="/players/28/update"
          style="display: flex; flex-direction: column-reverse; margin: 15px;"
        >
          Update Player
        </a>
        <button
          aria-label="Deletetriana"
          type="button"
          value="delete"
        >
          Delete
        </button>
      </li>
    </div>
  </ul>
</div>
`;
